// Jest Snapshot v1, https://goo.gl/fbAQLP

exports[`NetworkGraph rendering it matches snapshots 1`] = `
Object {
  "asFragment": [Function],
  "baseElement": <body>
    <div>
      <div
        id="network-graph"
        style="background-color: rgb(119, 119, 119); height: 100%;"
      >
        <svg
          height="100"
          style="max-width: 100%; height: auto; height: intrinsic;"
          viewBox="0,0,100,100"
          width="100"
        >
          <g
            stroke="#fff"
            stroke-linecap="round"
            stroke-opacity="0.6"
            stroke-width="2"
          >
            <line />
            <line />
            <line />
            <line />
            <line />
            <line />
          </g>
          <g
            class="nodes"
          >
            <g>
              <circle
                fill="#69b3a2"
                r="30"
                stroke="#fff"
                stroke-opacity="1"
                stroke-width="2"
              />
              <text
                dominant-baseline="central"
                fill="black"
                text-anchor="middle"
              >
                <tspan>
                  Broker 12 
                </tspan>
                 
              </text>
              <title>
                0
              </title>
            </g>
            <g>
              <circle
                fill="#69b3a2"
                r="30"
                stroke="#fff"
                stroke-opacity="1"
                stroke-width="2"
              />
              <text
                dominant-baseline="central"
                fill="black"
                text-anchor="middle"
              >
                <tspan>
                  Broker 
                </tspan>
                 
              </text>
              <title>
                1
              </title>
            </g>
            <g>
              <circle
                fill="#69b3a2"
                r="30"
                stroke="#fff"
                stroke-opacity="1"
                stroke-width="2"
              />
              <text
                dominant-baseline="central"
                fill="black"
                text-anchor="middle"
              >
                <tspan>
                  Connector 1 
                </tspan>
                 
              </text>
              <title>
                2
              </title>
            </g>
            <g>
              <circle
                fill="#69b3a2"
                r="30"
                stroke="#fff"
                stroke-opacity="1"
                stroke-width="2"
              />
              <text
                dominant-baseline="central"
                fill="black"
                text-anchor="middle"
              >
                <tspan>
                  Connector 2 
                </tspan>
                 
              </text>
              <title>
                3
              </title>
            </g>
            <g>
              <circle
                fill="#69b3a2"
                r="30"
                stroke="#fff"
                stroke-opacity="1"
                stroke-width="2"
              />
              <text
                dominant-baseline="central"
                fill="black"
                text-anchor="middle"
              >
                <tspan>
                  Connector 3 
                </tspan>
                 
              </text>
              <title>
                4
              </title>
            </g>
          </g>
        </svg>
      </div>
    </div>
  </body>,
  "container": <div>
    <div
      id="network-graph"
      style="background-color: rgb(119, 119, 119); height: 100%;"
    >
      <svg
        height="100"
        style="max-width: 100%; height: auto; height: intrinsic;"
        viewBox="0,0,100,100"
        width="100"
      >
        <g
          stroke="#fff"
          stroke-linecap="round"
          stroke-opacity="0.6"
          stroke-width="2"
        >
          <line />
          <line />
          <line />
          <line />
          <line />
          <line />
        </g>
        <g
          class="nodes"
        >
          <g>
            <circle
              fill="#69b3a2"
              r="30"
              stroke="#fff"
              stroke-opacity="1"
              stroke-width="2"
            />
            <text
              dominant-baseline="central"
              fill="black"
              text-anchor="middle"
            >
              <tspan>
                Broker 12 
              </tspan>
               
            </text>
            <title>
              0
            </title>
          </g>
          <g>
            <circle
              fill="#69b3a2"
              r="30"
              stroke="#fff"
              stroke-opacity="1"
              stroke-width="2"
            />
            <text
              dominant-baseline="central"
              fill="black"
              text-anchor="middle"
            >
              <tspan>
                Broker 
              </tspan>
               
            </text>
            <title>
              1
            </title>
          </g>
          <g>
            <circle
              fill="#69b3a2"
              r="30"
              stroke="#fff"
              stroke-opacity="1"
              stroke-width="2"
            />
            <text
              dominant-baseline="central"
              fill="black"
              text-anchor="middle"
            >
              <tspan>
                Connector 1 
              </tspan>
               
            </text>
            <title>
              2
            </title>
          </g>
          <g>
            <circle
              fill="#69b3a2"
              r="30"
              stroke="#fff"
              stroke-opacity="1"
              stroke-width="2"
            />
            <text
              dominant-baseline="central"
              fill="black"
              text-anchor="middle"
            >
              <tspan>
                Connector 2 
              </tspan>
               
            </text>
            <title>
              3
            </title>
          </g>
          <g>
            <circle
              fill="#69b3a2"
              r="30"
              stroke="#fff"
              stroke-opacity="1"
              stroke-width="2"
            />
            <text
              dominant-baseline="central"
              fill="black"
              text-anchor="middle"
            >
              <tspan>
                Connector 3 
              </tspan>
               
            </text>
            <title>
              4
            </title>
          </g>
        </g>
      </svg>
    </div>
  </div>,
  "debug": [Function],
  "findAllByAltText": [Function],
  "findAllByDisplayValue": [Function],
  "findAllByLabelText": [Function],
  "findAllByPlaceholderText": [Function],
  "findAllByRole": [Function],
  "findAllByTestId": [Function],
  "findAllByText": [Function],
  "findAllByTitle": [Function],
  "findByAltText": [Function],
  "findByDisplayValue": [Function],
  "findByLabelText": [Function],
  "findByPlaceholderText": [Function],
  "findByRole": [Function],
  "findByTestId": [Function],
  "findByText": [Function],
  "findByTitle": [Function],
  "getAllByAltText": [Function],
  "getAllByDisplayValue": [Function],
  "getAllByLabelText": [Function],
  "getAllByPlaceholderText": [Function],
  "getAllByRole": [Function],
  "getAllByTestId": [Function],
  "getAllByText": [Function],
  "getAllByTitle": [Function],
  "getByAltText": [Function],
  "getByDisplayValue": [Function],
  "getByLabelText": [Function],
  "getByPlaceholderText": [Function],
  "getByRole": [Function],
  "getByTestId": [Function],
  "getByText": [Function],
  "getByTitle": [Function],
  "queryAllByAltText": [Function],
  "queryAllByDisplayValue": [Function],
  "queryAllByLabelText": [Function],
  "queryAllByPlaceholderText": [Function],
  "queryAllByRole": [Function],
  "queryAllByTestId": [Function],
  "queryAllByText": [Function],
  "queryAllByTitle": [Function],
  "queryByAltText": [Function],
  "queryByDisplayValue": [Function],
  "queryByLabelText": [Function],
  "queryByPlaceholderText": [Function],
  "queryByRole": [Function],
  "queryByTestId": [Function],
  "queryByText": [Function],
  "queryByTitle": [Function],
  "rerender": [Function],
  "unmount": [Function],
}
`;
