// Jest Snapshot v1, https://goo.gl/fbAQLP

exports[`warning page tests warning page snapshot 1`] = `
Object {
  "asFragment": [Function],
  "baseElement": <body>
    <div>
      <div
        class="MuiGrid-root MuiGrid-container MuiGrid-spacing-xs-1 css-b0a80-MuiGrid-root"
      >
        <div
          class="MuiGrid-root MuiGrid-item MuiGrid-grid-xs-2 css-a0vo9r-MuiGrid-root"
        >
          <p
            class="MuiTypography-root MuiTypography-body1 css-ndaqpv-MuiTypography-root"
          >
            From
          </p>
          <div
            class="MuiFormControl-root MuiTextField-root css-1u3bzj6-MuiFormControl-root-MuiTextField-root"
          >
            <div
              class="MuiOutlinedInput-root MuiInputBase-root MuiInputBase-colorPrimary MuiInputBase-formControl css-9ddj71-MuiInputBase-root-MuiOutlinedInput-root"
            >
              <input
                aria-invalid="false"
                aria-label="Choose date"
                aria-readonly="true"
                class="MuiOutlinedInput-input MuiInputBase-input css-1t8l2tu-MuiInputBase-input-MuiOutlinedInput-input"
                id="mui-5"
                readonly=""
                type="text"
                value=""
              />
              <fieldset
                aria-hidden="true"
                class="MuiOutlinedInput-notchedOutline css-1d3z3hw-MuiOutlinedInput-notchedOutline"
              >
                <legend
                  class="css-nnbavb"
                >
                  <span
                    class="notranslate"
                  >
                    ​
                  </span>
                </legend>
              </fieldset>
            </div>
          </div>
        </div>
        <div
          class="MuiGrid-root MuiGrid-item MuiGrid-grid-xs-2 css-a0vo9r-MuiGrid-root"
        >
          <p
            class="MuiTypography-root MuiTypography-body1 css-ndaqpv-MuiTypography-root"
          >
            To
          </p>
          <div
            class="MuiFormControl-root MuiTextField-root css-1u3bzj6-MuiFormControl-root-MuiTextField-root"
          >
            <div
              class="MuiOutlinedInput-root MuiInputBase-root MuiInputBase-colorPrimary MuiInputBase-formControl css-9ddj71-MuiInputBase-root-MuiOutlinedInput-root"
            >
              <input
                aria-invalid="false"
                aria-label="Choose date"
                aria-readonly="true"
                class="MuiOutlinedInput-input MuiInputBase-input css-1t8l2tu-MuiInputBase-input-MuiOutlinedInput-input"
                id="mui-7"
                readonly=""
                type="text"
                value=""
              />
              <fieldset
                aria-hidden="true"
                class="MuiOutlinedInput-notchedOutline css-1d3z3hw-MuiOutlinedInput-notchedOutline"
              >
                <legend
                  class="css-nnbavb"
                >
                  <span
                    class="notranslate"
                  >
                    ​
                  </span>
                </legend>
              </fieldset>
            </div>
          </div>
        </div>
        <div
          class="MuiGrid-root MuiGrid-item MuiGrid-grid-xs-2 css-a0vo9r-MuiGrid-root"
        >
          <p
            class="MuiTypography-root MuiTypography-body1 css-ndaqpv-MuiTypography-root"
          >
            Category
          </p>
          <div
            class="MuiOutlinedInput-root MuiInputBase-root MuiInputBase-colorPrimary MuiInputBase-fullWidth css-md26zr-MuiInputBase-root-MuiOutlinedInput-root"
          >
            <div
              aria-expanded="false"
              aria-haspopup="listbox"
              aria-labelledby="demo-simple-select-label demo-simple-select"
              class="MuiSelect-select MuiSelect-outlined MuiOutlinedInput-input MuiInputBase-input css-11u53oe-MuiSelect-select-MuiInputBase-input-MuiOutlinedInput-input"
              id="demo-simple-select"
              role="button"
              tabindex="0"
            >
              ALL
            </div>
            <input
              aria-hidden="true"
              class="MuiSelect-nativeInput css-yf8vq0-MuiSelect-nativeInput"
              tabindex="-1"
              value="ALL"
            />
            <svg
              aria-hidden="true"
              class="MuiSvgIcon-root MuiSvgIcon-fontSizeMedium MuiSelect-icon MuiSelect-iconOutlined css-hfutr2-MuiSvgIcon-root-MuiSelect-icon"
              data-testid="ArrowDropDownIcon"
              focusable="false"
              viewBox="0 0 24 24"
            >
              <path
                d="M7 10l5 5 5-5z"
              />
            </svg>
            <fieldset
              aria-hidden="true"
              class="MuiOutlinedInput-notchedOutline css-1d3z3hw-MuiOutlinedInput-notchedOutline"
            >
              <legend
                class="css-nnbavb"
              >
                <span
                  class="notranslate"
                >
                  ​
                </span>
              </legend>
            </fieldset>
          </div>
        </div>
        <div
          class="MuiGrid-root MuiGrid-item MuiGrid-grid-xs-2 css-a0vo9r-MuiGrid-root"
        >
          <p
            class="MuiTypography-root MuiTypography-body1 css-ndaqpv-MuiTypography-root"
          >
            Severity
          </p>
          <div
            class="MuiOutlinedInput-root MuiInputBase-root MuiInputBase-colorPrimary MuiInputBase-fullWidth css-md26zr-MuiInputBase-root-MuiOutlinedInput-root"
          >
            <div
              aria-expanded="false"
              aria-haspopup="listbox"
              aria-labelledby="demo-simple-select-label demo-simple-select"
              class="MuiSelect-select MuiSelect-outlined MuiOutlinedInput-input MuiInputBase-input css-11u53oe-MuiSelect-select-MuiInputBase-input-MuiOutlinedInput-input"
              id="demo-simple-select"
              role="button"
              tabindex="0"
            >
              HIGH
            </div>
            <input
              aria-hidden="true"
              class="MuiSelect-nativeInput css-yf8vq0-MuiSelect-nativeInput"
              tabindex="-1"
              value="ALL"
            />
            <svg
              aria-hidden="true"
              class="MuiSvgIcon-root MuiSvgIcon-fontSizeMedium MuiSelect-icon MuiSelect-iconOutlined css-hfutr2-MuiSvgIcon-root-MuiSelect-icon"
              data-testid="ArrowDropDownIcon"
              focusable="false"
              viewBox="0 0 24 24"
            >
              <path
                d="M7 10l5 5 5-5z"
              />
            </svg>
            <fieldset
              aria-hidden="true"
              class="MuiOutlinedInput-notchedOutline css-1d3z3hw-MuiOutlinedInput-notchedOutline"
            >
              <legend
                class="css-nnbavb"
              >
                <span
                  class="notranslate"
                >
                  ​
                </span>
              </legend>
            </fieldset>
          </div>
        </div>
        <div
          class="MuiGrid-root MuiGrid-item MuiGrid-grid-xs-2 css-a0vo9r-MuiGrid-root"
        >
          <button
            class="MuiButton-root MuiButton-contained MuiButton-containedError MuiButton-sizeMedium MuiButton-containedSizeMedium MuiButtonBase-root  css-1sszw6i-MuiButtonBase-root-MuiButton-root"
            tabindex="0"
            type="button"
          >
            <span
              class="MuiButton-startIcon MuiButton-iconSizeMedium css-1d6wzja-MuiButton-startIcon"
            >
              <svg
                aria-hidden="true"
                class="MuiSvgIcon-root MuiSvgIcon-fontSizeMedium css-i4bv87-MuiSvgIcon-root"
                data-testid="DeleteIcon"
                focusable="false"
                viewBox="0 0 24 24"
              >
                <path
                  d="M6 19c0 1.1.9 2 2 2h8c1.1 0 2-.9 2-2V7H6v12zM19 4h-3.5l-1-1h-5l-1 1H5v2h14V4z"
                />
              </svg>
            </span>
            Delete All
            <span
              class="MuiTouchRipple-root css-8je8zh-MuiTouchRipple-root"
            />
          </button>
        </div>
      </div>
      <div
        class="MuiPaper-root MuiPaper-outlined MuiPaper-rounded MuiCard-root css-fc3e2-MuiPaper-root-MuiCard-root"
      >
        <div
          class="MuiCardContent-root css-46bh2p-MuiCardContent-root"
        >
          <div
            class="MuiGrid-root MuiGrid-container MuiGrid-spacing-xs-2 css-ofrcno-MuiGrid-root"
          >
            <div
              class="MuiGrid-root MuiGrid-item MuiGrid-grid-xs-10 css-1uzrzkv-MuiGrid-root"
            >
              <div
                class="MuiBox-root css-0"
              >
                <div
                  class="MuiTypography-root MuiTypography-h4 MuiTypography-noWrap css-x00mp-MuiTypography-root"
                >
                  WarningName
                </div>
                <p
                  class="MuiTypography-root MuiTypography-body2 MuiTypography-noWrap css-jrj0v0-MuiTypography-root"
                >
                  Lorem ipsum dolor sit amet consectetur adipisicing elit. Molestias quod, architecto, exercitationem explicabo quidem error corporis alias.
                </p>
              </div>
            </div>
            <div
              class="MuiGrid-root MuiGrid-item MuiGrid-grid-xs-2 css-a0vo9r-MuiGrid-root"
            >
              <button
                class="MuiButton-root MuiButton-text MuiButton-textError MuiButton-sizeMedium MuiButton-textSizeMedium MuiButtonBase-root  css-10fi992-MuiButtonBase-root-MuiButton-root"
                tabindex="0"
                type="button"
              >
                <span
                  class="MuiButton-startIcon MuiButton-iconSizeMedium css-1d6wzja-MuiButton-startIcon"
                >
                  <svg
                    aria-hidden="true"
                    class="MuiSvgIcon-root MuiSvgIcon-fontSizeMedium css-i4bv87-MuiSvgIcon-root"
                    data-testid="DeleteIcon"
                    focusable="false"
                    viewBox="0 0 24 24"
                  >
                    <path
                      d="M6 19c0 1.1.9 2 2 2h8c1.1 0 2-.9 2-2V7H6v12zM19 4h-3.5l-1-1h-5l-1 1H5v2h14V4z"
                    />
                  </svg>
                </span>
                Delete
                <span
                  class="MuiTouchRipple-root css-8je8zh-MuiTouchRipple-root"
                />
              </button>
            </div>
          </div>
        </div>
      </div>
      <div
        class="MuiPaper-root MuiPaper-outlined MuiPaper-rounded MuiCard-root css-fc3e2-MuiPaper-root-MuiCard-root"
      >
        <div
          class="MuiCardContent-root css-46bh2p-MuiCardContent-root"
        >
          <div
            class="MuiGrid-root MuiGrid-container MuiGrid-spacing-xs-2 css-ofrcno-MuiGrid-root"
          >
            <div
              class="MuiGrid-root MuiGrid-item MuiGrid-grid-xs-10 css-1uzrzkv-MuiGrid-root"
            >
              <div
                class="MuiBox-root css-0"
              >
                <div
                  class="MuiTypography-root MuiTypography-h4 MuiTypography-noWrap css-x00mp-MuiTypography-root"
                >
                  WarningName
                </div>
                <p
                  class="MuiTypography-root MuiTypography-body2 MuiTypography-noWrap css-jrj0v0-MuiTypography-root"
                >
                  Lorem ipsum dolor sit amet consectetur adipisicing elit. Molestias quod, architecto, exercitationem explicabo quidem error corporis alias.
                </p>
              </div>
            </div>
            <div
              class="MuiGrid-root MuiGrid-item MuiGrid-grid-xs-2 css-a0vo9r-MuiGrid-root"
            >
              <button
                class="MuiButton-root MuiButton-text MuiButton-textError MuiButton-sizeMedium MuiButton-textSizeMedium MuiButtonBase-root  css-10fi992-MuiButtonBase-root-MuiButton-root"
                tabindex="0"
                type="button"
              >
                <span
                  class="MuiButton-startIcon MuiButton-iconSizeMedium css-1d6wzja-MuiButton-startIcon"
                >
                  <svg
                    aria-hidden="true"
                    class="MuiSvgIcon-root MuiSvgIcon-fontSizeMedium css-i4bv87-MuiSvgIcon-root"
                    data-testid="DeleteIcon"
                    focusable="false"
                    viewBox="0 0 24 24"
                  >
                    <path
                      d="M6 19c0 1.1.9 2 2 2h8c1.1 0 2-.9 2-2V7H6v12zM19 4h-3.5l-1-1h-5l-1 1H5v2h14V4z"
                    />
                  </svg>
                </span>
                Delete
                <span
                  class="MuiTouchRipple-root css-8je8zh-MuiTouchRipple-root"
                />
              </button>
            </div>
          </div>
        </div>
      </div>
      <div
        class="MuiPaper-root MuiPaper-outlined MuiPaper-rounded MuiCard-root css-fc3e2-MuiPaper-root-MuiCard-root"
      >
        <div
          class="MuiCardContent-root css-46bh2p-MuiCardContent-root"
        >
          <div
            class="MuiGrid-root MuiGrid-container MuiGrid-spacing-xs-2 css-ofrcno-MuiGrid-root"
          >
            <div
              class="MuiGrid-root MuiGrid-item MuiGrid-grid-xs-10 css-1uzrzkv-MuiGrid-root"
            >
              <div
                class="MuiBox-root css-0"
              >
                <div
                  class="MuiTypography-root MuiTypography-h4 MuiTypography-noWrap css-x00mp-MuiTypography-root"
                >
                  WarningName
                </div>
                <p
                  class="MuiTypography-root MuiTypography-body2 MuiTypography-noWrap css-jrj0v0-MuiTypography-root"
                >
                  Lorem ipsum dolor sit amet consectetur adipisicing elit. Molestias quod, architecto, exercitationem explicabo quidem error corporis alias.
                </p>
              </div>
            </div>
            <div
              class="MuiGrid-root MuiGrid-item MuiGrid-grid-xs-2 css-a0vo9r-MuiGrid-root"
            >
              <button
                class="MuiButton-root MuiButton-text MuiButton-textError MuiButton-sizeMedium MuiButton-textSizeMedium MuiButtonBase-root  css-10fi992-MuiButtonBase-root-MuiButton-root"
                tabindex="0"
                type="button"
              >
                <span
                  class="MuiButton-startIcon MuiButton-iconSizeMedium css-1d6wzja-MuiButton-startIcon"
                >
                  <svg
                    aria-hidden="true"
                    class="MuiSvgIcon-root MuiSvgIcon-fontSizeMedium css-i4bv87-MuiSvgIcon-root"
                    data-testid="DeleteIcon"
                    focusable="false"
                    viewBox="0 0 24 24"
                  >
                    <path
                      d="M6 19c0 1.1.9 2 2 2h8c1.1 0 2-.9 2-2V7H6v12zM19 4h-3.5l-1-1h-5l-1 1H5v2h14V4z"
                    />
                  </svg>
                </span>
                Delete
                <span
                  class="MuiTouchRipple-root css-8je8zh-MuiTouchRipple-root"
                />
              </button>
            </div>
          </div>
        </div>
      </div>
      <div
        class="MuiPaper-root MuiPaper-outlined MuiPaper-rounded MuiCard-root css-fc3e2-MuiPaper-root-MuiCard-root"
      >
        <div
          class="MuiCardContent-root css-46bh2p-MuiCardContent-root"
        >
          <div
            class="MuiGrid-root MuiGrid-container MuiGrid-spacing-xs-2 css-ofrcno-MuiGrid-root"
          >
            <div
              class="MuiGrid-root MuiGrid-item MuiGrid-grid-xs-10 css-1uzrzkv-MuiGrid-root"
            >
              <div
                class="MuiBox-root css-0"
              >
                <div
                  class="MuiTypography-root MuiTypography-h4 MuiTypography-noWrap css-x00mp-MuiTypography-root"
                >
                  WarningName
                </div>
                <p
                  class="MuiTypography-root MuiTypography-body2 MuiTypography-noWrap css-jrj0v0-MuiTypography-root"
                >
                  Lorem ipsum dolor sit amet consectetur adipisicing elit. Molestias quod, architecto, exercitationem explicabo quidem error corporis alias.
                </p>
              </div>
            </div>
            <div
              class="MuiGrid-root MuiGrid-item MuiGrid-grid-xs-2 css-a0vo9r-MuiGrid-root"
            >
              <button
                class="MuiButton-root MuiButton-text MuiButton-textError MuiButton-sizeMedium MuiButton-textSizeMedium MuiButtonBase-root  css-10fi992-MuiButtonBase-root-MuiButton-root"
                tabindex="0"
                type="button"
              >
                <span
                  class="MuiButton-startIcon MuiButton-iconSizeMedium css-1d6wzja-MuiButton-startIcon"
                >
                  <svg
                    aria-hidden="true"
                    class="MuiSvgIcon-root MuiSvgIcon-fontSizeMedium css-i4bv87-MuiSvgIcon-root"
                    data-testid="DeleteIcon"
                    focusable="false"
                    viewBox="0 0 24 24"
                  >
                    <path
                      d="M6 19c0 1.1.9 2 2 2h8c1.1 0 2-.9 2-2V7H6v12zM19 4h-3.5l-1-1h-5l-1 1H5v2h14V4z"
                    />
                  </svg>
                </span>
                Delete
                <span
                  class="MuiTouchRipple-root css-8je8zh-MuiTouchRipple-root"
                />
              </button>
            </div>
          </div>
        </div>
      </div>
    </div>
  </body>,
  "container": <div>
    <div
      class="MuiGrid-root MuiGrid-container MuiGrid-spacing-xs-1 css-b0a80-MuiGrid-root"
    >
      <div
        class="MuiGrid-root MuiGrid-item MuiGrid-grid-xs-2 css-a0vo9r-MuiGrid-root"
      >
        <p
          class="MuiTypography-root MuiTypography-body1 css-ndaqpv-MuiTypography-root"
        >
          From
        </p>
        <div
          class="MuiFormControl-root MuiTextField-root css-1u3bzj6-MuiFormControl-root-MuiTextField-root"
        >
          <div
            class="MuiOutlinedInput-root MuiInputBase-root MuiInputBase-colorPrimary MuiInputBase-formControl css-9ddj71-MuiInputBase-root-MuiOutlinedInput-root"
          >
            <input
              aria-invalid="false"
              aria-label="Choose date"
              aria-readonly="true"
              class="MuiOutlinedInput-input MuiInputBase-input css-1t8l2tu-MuiInputBase-input-MuiOutlinedInput-input"
              id="mui-5"
              readonly=""
              type="text"
              value=""
            />
            <fieldset
              aria-hidden="true"
              class="MuiOutlinedInput-notchedOutline css-1d3z3hw-MuiOutlinedInput-notchedOutline"
            >
              <legend
                class="css-nnbavb"
              >
                <span
                  class="notranslate"
                >
                  ​
                </span>
              </legend>
            </fieldset>
          </div>
        </div>
      </div>
      <div
        class="MuiGrid-root MuiGrid-item MuiGrid-grid-xs-2 css-a0vo9r-MuiGrid-root"
      >
        <p
          class="MuiTypography-root MuiTypography-body1 css-ndaqpv-MuiTypography-root"
        >
          To
        </p>
        <div
          class="MuiFormControl-root MuiTextField-root css-1u3bzj6-MuiFormControl-root-MuiTextField-root"
        >
          <div
            class="MuiOutlinedInput-root MuiInputBase-root MuiInputBase-colorPrimary MuiInputBase-formControl css-9ddj71-MuiInputBase-root-MuiOutlinedInput-root"
          >
            <input
              aria-invalid="false"
              aria-label="Choose date"
              aria-readonly="true"
              class="MuiOutlinedInput-input MuiInputBase-input css-1t8l2tu-MuiInputBase-input-MuiOutlinedInput-input"
              id="mui-7"
              readonly=""
              type="text"
              value=""
            />
            <fieldset
              aria-hidden="true"
              class="MuiOutlinedInput-notchedOutline css-1d3z3hw-MuiOutlinedInput-notchedOutline"
            >
              <legend
                class="css-nnbavb"
              >
                <span
                  class="notranslate"
                >
                  ​
                </span>
              </legend>
            </fieldset>
          </div>
        </div>
      </div>
      <div
        class="MuiGrid-root MuiGrid-item MuiGrid-grid-xs-2 css-a0vo9r-MuiGrid-root"
      >
        <p
          class="MuiTypography-root MuiTypography-body1 css-ndaqpv-MuiTypography-root"
        >
          Category
        </p>
        <div
          class="MuiOutlinedInput-root MuiInputBase-root MuiInputBase-colorPrimary MuiInputBase-fullWidth css-md26zr-MuiInputBase-root-MuiOutlinedInput-root"
        >
          <div
            aria-expanded="false"
            aria-haspopup="listbox"
            aria-labelledby="demo-simple-select-label demo-simple-select"
            class="MuiSelect-select MuiSelect-outlined MuiOutlinedInput-input MuiInputBase-input css-11u53oe-MuiSelect-select-MuiInputBase-input-MuiOutlinedInput-input"
            id="demo-simple-select"
            role="button"
            tabindex="0"
          >
            ALL
          </div>
          <input
            aria-hidden="true"
            class="MuiSelect-nativeInput css-yf8vq0-MuiSelect-nativeInput"
            tabindex="-1"
            value="ALL"
          />
          <svg
            aria-hidden="true"
            class="MuiSvgIcon-root MuiSvgIcon-fontSizeMedium MuiSelect-icon MuiSelect-iconOutlined css-hfutr2-MuiSvgIcon-root-MuiSelect-icon"
            data-testid="ArrowDropDownIcon"
            focusable="false"
            viewBox="0 0 24 24"
          >
            <path
              d="M7 10l5 5 5-5z"
            />
          </svg>
          <fieldset
            aria-hidden="true"
            class="MuiOutlinedInput-notchedOutline css-1d3z3hw-MuiOutlinedInput-notchedOutline"
          >
            <legend
              class="css-nnbavb"
            >
              <span
                class="notranslate"
              >
                ​
              </span>
            </legend>
          </fieldset>
        </div>
      </div>
      <div
        class="MuiGrid-root MuiGrid-item MuiGrid-grid-xs-2 css-a0vo9r-MuiGrid-root"
      >
        <p
          class="MuiTypography-root MuiTypography-body1 css-ndaqpv-MuiTypography-root"
        >
          Severity
        </p>
        <div
          class="MuiOutlinedInput-root MuiInputBase-root MuiInputBase-colorPrimary MuiInputBase-fullWidth css-md26zr-MuiInputBase-root-MuiOutlinedInput-root"
        >
          <div
            aria-expanded="false"
            aria-haspopup="listbox"
            aria-labelledby="demo-simple-select-label demo-simple-select"
            class="MuiSelect-select MuiSelect-outlined MuiOutlinedInput-input MuiInputBase-input css-11u53oe-MuiSelect-select-MuiInputBase-input-MuiOutlinedInput-input"
            id="demo-simple-select"
            role="button"
            tabindex="0"
          >
            HIGH
          </div>
          <input
            aria-hidden="true"
            class="MuiSelect-nativeInput css-yf8vq0-MuiSelect-nativeInput"
            tabindex="-1"
            value="ALL"
          />
          <svg
            aria-hidden="true"
            class="MuiSvgIcon-root MuiSvgIcon-fontSizeMedium MuiSelect-icon MuiSelect-iconOutlined css-hfutr2-MuiSvgIcon-root-MuiSelect-icon"
            data-testid="ArrowDropDownIcon"
            focusable="false"
            viewBox="0 0 24 24"
          >
            <path
              d="M7 10l5 5 5-5z"
            />
          </svg>
          <fieldset
            aria-hidden="true"
            class="MuiOutlinedInput-notchedOutline css-1d3z3hw-MuiOutlinedInput-notchedOutline"
          >
            <legend
              class="css-nnbavb"
            >
              <span
                class="notranslate"
              >
                ​
              </span>
            </legend>
          </fieldset>
        </div>
      </div>
      <div
        class="MuiGrid-root MuiGrid-item MuiGrid-grid-xs-2 css-a0vo9r-MuiGrid-root"
      >
        <button
          class="MuiButton-root MuiButton-contained MuiButton-containedError MuiButton-sizeMedium MuiButton-containedSizeMedium MuiButtonBase-root  css-1sszw6i-MuiButtonBase-root-MuiButton-root"
          tabindex="0"
          type="button"
        >
          <span
            class="MuiButton-startIcon MuiButton-iconSizeMedium css-1d6wzja-MuiButton-startIcon"
          >
            <svg
              aria-hidden="true"
              class="MuiSvgIcon-root MuiSvgIcon-fontSizeMedium css-i4bv87-MuiSvgIcon-root"
              data-testid="DeleteIcon"
              focusable="false"
              viewBox="0 0 24 24"
            >
              <path
                d="M6 19c0 1.1.9 2 2 2h8c1.1 0 2-.9 2-2V7H6v12zM19 4h-3.5l-1-1h-5l-1 1H5v2h14V4z"
              />
            </svg>
          </span>
          Delete All
          <span
            class="MuiTouchRipple-root css-8je8zh-MuiTouchRipple-root"
          />
        </button>
      </div>
    </div>
    <div
      class="MuiPaper-root MuiPaper-outlined MuiPaper-rounded MuiCard-root css-fc3e2-MuiPaper-root-MuiCard-root"
    >
      <div
        class="MuiCardContent-root css-46bh2p-MuiCardContent-root"
      >
        <div
          class="MuiGrid-root MuiGrid-container MuiGrid-spacing-xs-2 css-ofrcno-MuiGrid-root"
        >
          <div
            class="MuiGrid-root MuiGrid-item MuiGrid-grid-xs-10 css-1uzrzkv-MuiGrid-root"
          >
            <div
              class="MuiBox-root css-0"
            >
              <div
                class="MuiTypography-root MuiTypography-h4 MuiTypography-noWrap css-x00mp-MuiTypography-root"
              >
                WarningName
              </div>
              <p
                class="MuiTypography-root MuiTypography-body2 MuiTypography-noWrap css-jrj0v0-MuiTypography-root"
              >
                Lorem ipsum dolor sit amet consectetur adipisicing elit. Molestias quod, architecto, exercitationem explicabo quidem error corporis alias.
              </p>
            </div>
          </div>
          <div
            class="MuiGrid-root MuiGrid-item MuiGrid-grid-xs-2 css-a0vo9r-MuiGrid-root"
          >
            <button
              class="MuiButton-root MuiButton-text MuiButton-textError MuiButton-sizeMedium MuiButton-textSizeMedium MuiButtonBase-root  css-10fi992-MuiButtonBase-root-MuiButton-root"
              tabindex="0"
              type="button"
            >
              <span
                class="MuiButton-startIcon MuiButton-iconSizeMedium css-1d6wzja-MuiButton-startIcon"
              >
                <svg
                  aria-hidden="true"
                  class="MuiSvgIcon-root MuiSvgIcon-fontSizeMedium css-i4bv87-MuiSvgIcon-root"
                  data-testid="DeleteIcon"
                  focusable="false"
                  viewBox="0 0 24 24"
                >
                  <path
                    d="M6 19c0 1.1.9 2 2 2h8c1.1 0 2-.9 2-2V7H6v12zM19 4h-3.5l-1-1h-5l-1 1H5v2h14V4z"
                  />
                </svg>
              </span>
              Delete
              <span
                class="MuiTouchRipple-root css-8je8zh-MuiTouchRipple-root"
              />
            </button>
          </div>
        </div>
      </div>
    </div>
    <div
      class="MuiPaper-root MuiPaper-outlined MuiPaper-rounded MuiCard-root css-fc3e2-MuiPaper-root-MuiCard-root"
    >
      <div
        class="MuiCardContent-root css-46bh2p-MuiCardContent-root"
      >
        <div
          class="MuiGrid-root MuiGrid-container MuiGrid-spacing-xs-2 css-ofrcno-MuiGrid-root"
        >
          <div
            class="MuiGrid-root MuiGrid-item MuiGrid-grid-xs-10 css-1uzrzkv-MuiGrid-root"
          >
            <div
              class="MuiBox-root css-0"
            >
              <div
                class="MuiTypography-root MuiTypography-h4 MuiTypography-noWrap css-x00mp-MuiTypography-root"
              >
                WarningName
              </div>
              <p
                class="MuiTypography-root MuiTypography-body2 MuiTypography-noWrap css-jrj0v0-MuiTypography-root"
              >
                Lorem ipsum dolor sit amet consectetur adipisicing elit. Molestias quod, architecto, exercitationem explicabo quidem error corporis alias.
              </p>
            </div>
          </div>
          <div
            class="MuiGrid-root MuiGrid-item MuiGrid-grid-xs-2 css-a0vo9r-MuiGrid-root"
          >
            <button
              class="MuiButton-root MuiButton-text MuiButton-textError MuiButton-sizeMedium MuiButton-textSizeMedium MuiButtonBase-root  css-10fi992-MuiButtonBase-root-MuiButton-root"
              tabindex="0"
              type="button"
            >
              <span
                class="MuiButton-startIcon MuiButton-iconSizeMedium css-1d6wzja-MuiButton-startIcon"
              >
                <svg
                  aria-hidden="true"
                  class="MuiSvgIcon-root MuiSvgIcon-fontSizeMedium css-i4bv87-MuiSvgIcon-root"
                  data-testid="DeleteIcon"
                  focusable="false"
                  viewBox="0 0 24 24"
                >
                  <path
                    d="M6 19c0 1.1.9 2 2 2h8c1.1 0 2-.9 2-2V7H6v12zM19 4h-3.5l-1-1h-5l-1 1H5v2h14V4z"
                  />
                </svg>
              </span>
              Delete
              <span
                class="MuiTouchRipple-root css-8je8zh-MuiTouchRipple-root"
              />
            </button>
          </div>
        </div>
      </div>
    </div>
    <div
      class="MuiPaper-root MuiPaper-outlined MuiPaper-rounded MuiCard-root css-fc3e2-MuiPaper-root-MuiCard-root"
    >
      <div
        class="MuiCardContent-root css-46bh2p-MuiCardContent-root"
      >
        <div
          class="MuiGrid-root MuiGrid-container MuiGrid-spacing-xs-2 css-ofrcno-MuiGrid-root"
        >
          <div
            class="MuiGrid-root MuiGrid-item MuiGrid-grid-xs-10 css-1uzrzkv-MuiGrid-root"
          >
            <div
              class="MuiBox-root css-0"
            >
              <div
                class="MuiTypography-root MuiTypography-h4 MuiTypography-noWrap css-x00mp-MuiTypography-root"
              >
                WarningName
              </div>
              <p
                class="MuiTypography-root MuiTypography-body2 MuiTypography-noWrap css-jrj0v0-MuiTypography-root"
              >
                Lorem ipsum dolor sit amet consectetur adipisicing elit. Molestias quod, architecto, exercitationem explicabo quidem error corporis alias.
              </p>
            </div>
          </div>
          <div
            class="MuiGrid-root MuiGrid-item MuiGrid-grid-xs-2 css-a0vo9r-MuiGrid-root"
          >
            <button
              class="MuiButton-root MuiButton-text MuiButton-textError MuiButton-sizeMedium MuiButton-textSizeMedium MuiButtonBase-root  css-10fi992-MuiButtonBase-root-MuiButton-root"
              tabindex="0"
              type="button"
            >
              <span
                class="MuiButton-startIcon MuiButton-iconSizeMedium css-1d6wzja-MuiButton-startIcon"
              >
                <svg
                  aria-hidden="true"
                  class="MuiSvgIcon-root MuiSvgIcon-fontSizeMedium css-i4bv87-MuiSvgIcon-root"
                  data-testid="DeleteIcon"
                  focusable="false"
                  viewBox="0 0 24 24"
                >
                  <path
                    d="M6 19c0 1.1.9 2 2 2h8c1.1 0 2-.9 2-2V7H6v12zM19 4h-3.5l-1-1h-5l-1 1H5v2h14V4z"
                  />
                </svg>
              </span>
              Delete
              <span
                class="MuiTouchRipple-root css-8je8zh-MuiTouchRipple-root"
              />
            </button>
          </div>
        </div>
      </div>
    </div>
    <div
      class="MuiPaper-root MuiPaper-outlined MuiPaper-rounded MuiCard-root css-fc3e2-MuiPaper-root-MuiCard-root"
    >
      <div
        class="MuiCardContent-root css-46bh2p-MuiCardContent-root"
      >
        <div
          class="MuiGrid-root MuiGrid-container MuiGrid-spacing-xs-2 css-ofrcno-MuiGrid-root"
        >
          <div
            class="MuiGrid-root MuiGrid-item MuiGrid-grid-xs-10 css-1uzrzkv-MuiGrid-root"
          >
            <div
              class="MuiBox-root css-0"
            >
              <div
                class="MuiTypography-root MuiTypography-h4 MuiTypography-noWrap css-x00mp-MuiTypography-root"
              >
                WarningName
              </div>
              <p
                class="MuiTypography-root MuiTypography-body2 MuiTypography-noWrap css-jrj0v0-MuiTypography-root"
              >
                Lorem ipsum dolor sit amet consectetur adipisicing elit. Molestias quod, architecto, exercitationem explicabo quidem error corporis alias.
              </p>
            </div>
          </div>
          <div
            class="MuiGrid-root MuiGrid-item MuiGrid-grid-xs-2 css-a0vo9r-MuiGrid-root"
          >
            <button
              class="MuiButton-root MuiButton-text MuiButton-textError MuiButton-sizeMedium MuiButton-textSizeMedium MuiButtonBase-root  css-10fi992-MuiButtonBase-root-MuiButton-root"
              tabindex="0"
              type="button"
            >
              <span
                class="MuiButton-startIcon MuiButton-iconSizeMedium css-1d6wzja-MuiButton-startIcon"
              >
                <svg
                  aria-hidden="true"
                  class="MuiSvgIcon-root MuiSvgIcon-fontSizeMedium css-i4bv87-MuiSvgIcon-root"
                  data-testid="DeleteIcon"
                  focusable="false"
                  viewBox="0 0 24 24"
                >
                  <path
                    d="M6 19c0 1.1.9 2 2 2h8c1.1 0 2-.9 2-2V7H6v12zM19 4h-3.5l-1-1h-5l-1 1H5v2h14V4z"
                  />
                </svg>
              </span>
              Delete
              <span
                class="MuiTouchRipple-root css-8je8zh-MuiTouchRipple-root"
              />
            </button>
          </div>
        </div>
      </div>
    </div>
  </div>,
  "debug": [Function],
  "findAllByAltText": [Function],
  "findAllByDisplayValue": [Function],
  "findAllByLabelText": [Function],
  "findAllByPlaceholderText": [Function],
  "findAllByRole": [Function],
  "findAllByTestId": [Function],
  "findAllByText": [Function],
  "findAllByTitle": [Function],
  "findByAltText": [Function],
  "findByDisplayValue": [Function],
  "findByLabelText": [Function],
  "findByPlaceholderText": [Function],
  "findByRole": [Function],
  "findByTestId": [Function],
  "findByText": [Function],
  "findByTitle": [Function],
  "getAllByAltText": [Function],
  "getAllByDisplayValue": [Function],
  "getAllByLabelText": [Function],
  "getAllByPlaceholderText": [Function],
  "getAllByRole": [Function],
  "getAllByTestId": [Function],
  "getAllByText": [Function],
  "getAllByTitle": [Function],
  "getByAltText": [Function],
  "getByDisplayValue": [Function],
  "getByLabelText": [Function],
  "getByPlaceholderText": [Function],
  "getByRole": [Function],
  "getByTestId": [Function],
  "getByText": [Function],
  "getByTitle": [Function],
  "queryAllByAltText": [Function],
  "queryAllByDisplayValue": [Function],
  "queryAllByLabelText": [Function],
  "queryAllByPlaceholderText": [Function],
  "queryAllByRole": [Function],
  "queryAllByTestId": [Function],
  "queryAllByText": [Function],
  "queryAllByTitle": [Function],
  "queryByAltText": [Function],
  "queryByDisplayValue": [Function],
  "queryByLabelText": [Function],
  "queryByPlaceholderText": [Function],
  "queryByRole": [Function],
  "queryByTestId": [Function],
  "queryByText": [Function],
  "queryByTitle": [Function],
  "rerender": [Function],
  "unmount": [Function],
}
`;
